
 Start  Stop   Length Name                   Class
 00000H 009B2H 009B3H _TEXT                  CODE
 009B4H 03A09H 03056H CODE                   CODE
 03A0AH 03A0AH 00000H C_ETEXT                ENDCODE
 03A10H 03A11H 00002H PRHERC5_DATA           FAR_DATA
 03A20H 03E23H 00404H FAR_BSS                FAR_BSS
 03E30H 03E71H 00042H NULL                   BEGDATA
 03E72H 0401DH 001ACH _DATA                  DATA
 0401EH 0401EH 00000H XIFB                   DATA
 0401EH 04021H 00004H XIF                    DATA
 04022H 04022H 00000H XIFE                   DATA
 04022H 04022H 00000H XCFB                   DATA
 04022H 04025H 00004H XCF                    DATA
 04026H 04026H 00000H XCFE                   DATA
 04026H 04026H 00000H XIB                    DATA
 04026H 04026H 00000H XI                     DATA
 04026H 04026H 00000H XIE                    DATA
 04026H 04033H 0000EH CDATA                  DATA
 04034H 04034H 00000H XPB                    DATA
 04034H 04034H 00000H XP                     DATA
 04034H 04034H 00000H XPE                    DATA
 04034H 04034H 00000H XCB                    DATA
 04034H 04034H 00000H XC                     DATA
 04034H 04034H 00000H XCE                    DATA
 04034H 04045H 00012H CONST                  CONST
 04046H 0404DH 00008H HDR                    MSG
 0404EH 0411BH 000CEH MSG                    MSG
 0411CH 0411DH 00002H PAD                    MSG
 0411EH 0411EH 00001H EPAD                   MSG
 04120H 04311H 001F2H _BSS                   BSS
 04312H 04312H 00000H XOB                    BSS
 04312H 04312H 00000H XO                     BSS
 04312H 04312H 00000H XOE                    BSS
 04320H 04339H 0001AH c_common               BSS
 04340H 04B3FH 00800H STACK                  STACK

 Origin   Group
 03E3:0   DGROUP

  Address         Publics by Name

 03E3:03E4       $CPPCNT
 03E3:03E6       $CPPX
 03E3:03E8       $CPPY
 03E3:03EA       $LINE_DRAWN
 03E3:0312       $_bkg_color
 03E3:0343       $_BKG_MASK
 009B:0747       $_coords
 03E3:030E       $_current_x
 03E3:0310       $_current_y
 03E3:0362       $_cursor_enabled
 03E3:0361       $_cursor_on_screen
 03E3:031A       $_fill_mask
 03E3:0322       $_fill_mask_p
 009B:05A7       $_home_cursor
 009B:0739       $_limit
 03E3:0318       $_line_style_mask
 03E3:035F       $_off_screen
 009B:04D0       $_qcg_enter
 009B:04EE       $_qcg_exit
 009B:0765       $_scroll_up
 009B:06BB       $_select_palette
 009B:05E7       $_set_bk_color
 009B:05D2       $_set_color
 009B:0681       $_set_text_attrib
 009B:065D       $_set_text_color
 03E3:0317       $_text_attrib
 03E3:0355       $_text_column
 03E3:035D       $_text_max_col
 03E3:035B       $_text_max_row
 03E3:0359       $_text_org_col
 03E3:0357       $_text_org_row
 03E3:0353       $_text_row
 009B:05B3       $_text_set_cursor
 03E3:0360       $_text_wrap_p
 03E3:0323       $_tile_mask
 03E3:0316       $_txt_fg_color
 03E3:0119       b$ActPage
 03E3:0478       b$Adapter
 03E3:047E       b$AddrC
 03E3:00E4       b$Aspect
 03E3:00E6       b$AspectInv
 03E3:040A       b$ASPECTR
 03E3:047D       b$AttrC
 03E3:041E       B$A_END
 03E3:041A       B$A_START
 03E3:043A       B$BGTLOC
 03E3:00B3       b$BiosMode
 03E3:00D9       b$BitsPerPixel
 009B:2F3E       B$BLEEP
 03E3:049C       b$BorderColor
 009B:0774       B$BOXNOF
 03E3:0363       b$Buf1
 009B:0D64       B$BumpDS
 009B:0D6E       B$BumpES
 03E3:00B4       b$Burst
 03E3:00DB       b$BytesPerRow
 03E3:0422       B$C1SAVE
 03E3:0424       B$C2SAVE
 03E3:0426       B$C3SAVE
 03E3:040C       B$CENCNT
 009B:2EBC       B$CgaChkDownC
 009B:2E93       B$CgaChkUpC
 009B:2ED3       B$CgaDownC
 009B:2E86       B$CgaLeftC1
 009B:2E82       B$CgaLeftC2
 009B:2496       B$CgaLineV
 009B:23EB       B$CgaLineX
 009B:2454       B$CgaLineY
 009B:20D9       B$CgaNReadL
 009B:2161       B$CgaNSetC
 009B:20FF       B$CgaNWriteL
 009B:2EE5       B$CgaPaintBound
 009B:20A4       B$CgaPutAction
 009B:2049       B$CgaReadC
 009B:225E       B$CgaScanL
 009B:22EE       B$CgaScanR
 009B:203E       B$CgaSetAttr
 009B:2064       B$CgaSetC
 009B:2075       B$CgaSetPixC
 009B:208B       B$CgaSetPixFirstC
 009B:208F       B$CgaSetPixLastC
 009B:222D       B$CgaSetTile
 009B:2EAA       B$CgaUpC
 03E3:0118       b$CharColor
 03E3:00F0       b$ChkDownC
 009B:0ADF       B$ChkMonitor
 03E3:00EC       b$ChkUpC
 009B:08EB       B$CLINE2
 03E3:0409       B$CLINEF
 009B:0BB6       B$CLIPCK
 03E3:0408       B$CLIPF
 03E3:040E       B$CNPNTS
 009B:2D52       b$ColorPalette
 009B:2F50       B$CON_SOUT
 03E3:0419       B$COPTFL
 03E3:0410       B$CPCNT
 03E3:0412       B$CPCNT8
 03E3:0418       B$CPLOTF
 03E3:0414       B$CRCSUM
 03E3:0416       B$CSTCNT
 03E3:0477       b$CurEquip
 03E3:0119       b$CurPages
 03E3:00C0       b$CurrPSize
 03E3:0428       B$CXOFF
 03E3:042A       B$CYOFF
 009B:0D78       B$DecDS
 03E3:00E1       b$DivShift
 03E3:04A4       b$DnSub
 009B:0B12       B$DOBOXF
 03E3:00F2       b$DownC
 009B:2A0E       B$EgaCHKBTL
 009B:29F4       B$EgaCHKBTR
 009B:250A       B$EgaChkDownC
 009B:24F6       B$EgaChkUpC
 009B:2515       B$EgaDownC
 009B:24EA       B$EgaLeftC
 009B:24F1       B$EgaLeftC_13
 009B:263E       B$EgaLineV
 009B:25D2       B$EgaLineX
 009B:2614       B$EgaLineY
 009B:24C0       B$EgaMapXYC
 009B:24B6       B$EgaMapXYC_D
 009B:268D       B$EgaNReadL
 009B:268B       B$EgaNReadL_F
 009B:2758       B$EgaNSetC
 009B:26C2       B$EgaNWriteL
 009B:26BD       B$EgaNWriteL_F
 009B:28C7       B$EgaPAINPX
 009B:2810       B$EgaPaintBound
 009B:27F1       B$EgaPaintBound_11
 009B:2800       B$EgaPaintBound_D
 03E3:04CE       b$EgaPalette
 009B:2DAF       B$EgaPalPut
 009B:2DB6       B$EgaPalPutB
 009B:2D78       B$EgaPalReset
 009B:2D7F       B$EgaPalResetB
 009B:2E39       B$EgaPalSet
 03E3:0475       b$EgaPalSup
 009B:2DE4       B$EgaPalTrans
 009B:29D1       B$EgaPIXCNT
 009B:2667       B$EgaPutAction
 009B:2661       B$EgaPutAction_64K
 009B:2664       B$EgaPutAction_F
 009B:252E       B$EgaReadC
 009B:256D       B$EgaReadC_64K
 009B:2562       B$EgaReadC_F
 009B:28A5       B$EgaScanInit
 009B:2BEB       B$EgaScanL
 009B:2CA2       B$EgaScanR
 009B:251E       B$EgaSetAttr
 009B:257E       B$EgaSetC
 009B:29DC       B$EgaSETCMP
 009B:25AA       B$EgaSetPixC
 009B:25BE       B$EgaSetPixFirstC
 009B:2883       B$EgaSetTile
 009B:2AEB       B$EgaTILLFT
 009B:2A5C       B$EgaTILRGT
 009B:2501       B$EgaUpC
 03E3:00C4       b$EgaWrMd
 009B:2D62       b$EnhPalette
 009B:0004       B$ErrorReturn
 03E3:00C3       b$FBColors
 03E3:00C3       b$ForeColor
 03E3:020E       b$FP_1
 03E3:0212       b$FP_256
 03E3:0458       B$FTMP1
 03E3:045C       B$FTMP2
 03E3:0460       B$FTMP3
 009B:0D5B       B$GetAspect
 03E3:03F2       B$GRAFACC
 009B:0AED       B$GRMODE
 03E3:03F2       B$GRPACX
 03E3:03F4       B$GRPACY
 009B:0916       B$GRPINI
 03E3:043E       B$GRPLAN
 009B:09C2       B$GRPRST
 009B:0AE2       B$GrScreenSize
 009B:09D4       B$GWINI
 009B:0AE0       B$GWTERM
 03E3:0468       B$GXHPOS
 03E3:046A       B$GXLPOS
 03E3:03FA       B$GXPOS
 03E3:03F6       B$GX_OLD
 03E3:046C       B$GYHPOS
 03E3:046E       B$GYLPOS
 03E3:03FC       B$GYPOS
 03E3:03F8       B$GY_OLD
 03E3:00B7       b$HorzRes
 009B:0897       B$IDIVBX
 03E3:0488       b$Incr1
 03E3:048A       b$Incr2
 03E3:048C       b$IncrY
 009B:0C1E       B$InitModeData
 03E3:00C5       b$InitPalette
 03E3:00C9       b$InitVgaPal
 009B:08FA       B$INVIEW
 03E3:03FE       B$LASTACC
 03E3:00EA       b$LeftC
 03E3:0498       B$LEOFST
 03E3:042C       B$LFPROG
 009B:079F       B$LINDRW
 03E3:0104       b$LineV
 03E3:0100       b$LineX
 009B:0B61       B$LINEXT
 009B:0C53       B$LineXYV
 03E3:0102       b$LineY
 03E3:0406       B$LINSTL
 009B:0CEC       B$MapVWC
 03E3:00E8       b$MapXYC
 03E3:047C       b$MaskC
 03E3:00DD       b$MaskLeft
 03E3:00DE       b$MaskRight
 03E3:00BD       b$MaxAttr
 03E3:00BE       b$MaxColor
 03E3:0402       B$MAXDEL
 03E3:00C2       b$MaxPage
 03E3:03FE       B$MAXUPD
 03E3:0404       B$MINDEL
 03E3:0400       B$MINUPD
 009B:0E97       B$Mode0
 009B:0EA7       B$Mode1
 009B:0EAC       B$Mode2
 009B:0EB4       B$Mode3
 009B:1025       B$Mode4
 009B:1020       B$Mode5
 009B:0EB9       B$Mode7
 03E3:00B3       b$ModeBurst
 03E3:00B2       b$ModeData
 03E3:00E2       b$ModMask
 03E3:0479       b$Monitor
 03E3:0430       B$MOVCNT
 03E3:04E0       b$MUSIC
 03E3:0108       b$NReadL
 03E3:010C       b$NSetC
 03E3:010A       b$NWriteL
 03E3:047E       b$OffC
 03E3:00AC       b$OrgBiosMode
 03E3:0476       b$OrgEquip
 03E3:00B0       b$orglen
 03E3:00AD       b$OrgPages
 03E3:00AA       b$OrgScrBst
 03E3:00AF       b$OrgScrDim
 009B:0D82       B$OutWord
 03E3:00BF       b$PageSize
 03E3:011B       b$PageTable
 03E3:0482       b$PaintBorder
 03E3:010E       b$PaintBound
 03E3:00D3       b$PalPut
 03E3:00D1       b$PalReset
 03E3:00D7       b$PalSet
 03E3:00D5       b$PalTrans
 03E3:0432       B$PDIREC
 03E3:047C       b$PenC
 03E3:00DF       b$PixelsPerByte
 03E3:0487       b$PlaneMask
 03E3:00DA       b$Planes
 03E3:0440       B$PQGET
 03E3:0446       B$PQLEN
 03E3:0444       B$PQNUM
 03E3:0442       B$PQPUT
 03E3:0106       b$PutAction
 03E3:0116       b$PutVector
 03E3:00F6       b$ReadC
 03E3:03EC       B$RELFLG
 03E3:049A       B$REOFST
 009B:0D89       B$ResetEGA
 03E3:042D       B$RTPROG
 03E3:0484       b$SaveCa
 03E3:0486       b$SaveCm
 009B:0BD8       B$SCALXY
 03E3:0112       b$ScanL
 03E3:0114       b$ScanR
 009B:2F0E       B$SCNIO
 009B:0E53       B$Screen0
 009B:1028       B$Screen1
 009B:1474       B$Screen10
 009B:1D1B       B$Screen11
 009B:1D41       B$Screen12
 009B:1D5A       B$Screen13
 009B:105F       B$Screen2
 009B:2FC8       B$Screen3
 009B:1434       B$Screen7
 009B:1439       B$Screen8
 009B:1445       B$Screen9
 03E3:00B2       b$ScreenMode
 03E3:005E       b$ScreenX
 03E3:00B6       b$ScrHeight
 03E3:00B5       b$ScrWidth
 03E3:0480       b$SegC
 009B:2F1C       B$SELAPG
 009B:2F17       B$SELVPG
 009B:09FA       B$SetAdapter
 03E3:00F4       b$SetAttr
 03E3:00F8       b$SetC
 03E3:00CD       b$SetMode
 03E3:00CF       b$SetPages
 03E3:00FA       b$SetPixC
 03E3:00FC       b$SetPixFirstC
 03E3:00FE       b$SetPixLastC
 03E3:0110       b$SetTile
 0000:0006  Abs  B$SIZEACC
 03E3:042E       B$SKPCNT
 03E3:0434       B$TILFLG
 03E3:043C       B$TILHGT
 03E3:0483       b$Tiling
 03E3:0437       B$TILLEN
 03E3:0438       B$TILLOC
 03E3:0436       B$TILNDX
 03E3:043D       B$TILPTR
 03E3:0435       B$TIPROG
 03E3:00EE       b$UpC
 03E3:04A6       b$UpDnAdd
 03E3:04A2       b$UpSub
 03E3:0490       B$VBOFST
 03E3:00B9       b$VertRes
 009B:0971       B$VEWINI
 03E3:0474       b$VGAmodesH
 03E3:0472       b$VGAmodesL
 009B:1A1B       b$VgaPalette
 009B:1DE6       B$VgaPalPut
 009B:1DA3       B$VgaPalReset
 009B:1E0B       B$VgaPalTrans11
 03E3:00BB       b$VideoBase
 03E3:047A       b$VideoMem
 03E3:0457       B$VIEWSC
 03E3:0456       B$VIEWSW
 03E3:011A       b$VisPage
 03E3:0496       B$VLMASK
 03E3:0492       B$VLOFST
 03E3:0497       B$VRMASK
 03E3:0494       B$VROFST
 03E3:048E       B$VTOFST
 009B:0AF4       B$VWFILL
 009B:095B       B$VWINI
 009B:099E       B$VWMAPC
 03E3:044A       B$VXMAX
 03E3:0448       B$VXMIN
 03E3:0450       B$VXOFF
 03E3:0464       B$VXSIZ
 03E3:044E       B$VYMAX
 03E3:044C       B$VYMIN
 03E3:0452       B$VYOFF
 03E3:0466       B$VYSIZ
 03E3:0455       B$WNDWSC
 03E3:0454       B$WNDWSW
 009B:0C0B       B$XDELT
 03E3:03EE       B$X_BASE
 009B:0C16       B$YDELT
 03E3:03F0       B$Y_BASE
 03E3:00B0       b_orglen
 03E3:01D6       STKHQQ
 03E3:02F0       _edata
 03E3:0510       _end
 03E3:01C4       _environ
 03E3:019D       _errno
 0000:04DC       _exit
 0000:0180       _getline
 03A2:0002       _height
 0000:08CC       _int86
 03A2:0004       _linebuf
 0000:02BD       _main
 03E3:0042       _memsize
 03E3:04F0       _oldint
 03A1:0000       _printer
 0000:0010       _printline
 0000:0250       _printscreen
 0000:01F0       _prline
 03E3:0044       _vc
 03E3:04F4       _vcRec
 03A2:0000       _width
 03E3:0182       __abrkp
 03E3:0132       __abrktb
 03E3:0182       __abrktbe
 03E3:0184       __acfinfo
 0000:9876  Abs  __acrtmsg
 0000:9876  Abs  __acrtused
 03E3:01D4       __adbgmsg
 03E3:0130       __aexit_rtn
 03E3:0191       __aintdiv
 0000:0409       __amsg_exit
 03E3:012C       __asizds
 0000:0366       __astart
 03E3:012E       __atopsp
 0000:094A       __bios_printer
 0000:095E       __chain_intr
 03E3:01CC       __child
 0000:05AE       __chkstk
 0000:0418       __cinit
 0000:03FA       __cintDIV
 009B:02D0       __clearscreen
 0000:0538       __ctermsub
 03E3:01A8       __doserrno
 0000:0878       __dosret0
 0000:088B       __dosretax
 0000:0880       __dosreturn
 03E3:01A5       __dosvermajor
 03E3:01A6       __dosverminor
 0000:097A       __dos_getvect
 0000:098C       __dos_keep
 0000:099E       __dos_setvect
 0000:04F3       __exit
 03E3:0195       __fac
 0000:0588       __FF_MSGBANNER
 03E3:01F8       __fpinit
 0000:05A8       __fptrap
 009B:034B       __getcurrentposition
 009B:0460       __getpixel
 009B:01BC       __getvideoconfig
 03E3:01CF       __intno
 009B:0353       __lineto
 0000:0898       __maperror
 009B:032F       __moveto
 0000:0836       __myalloc
 03E3:01AA       __nfile
 0000:07E2       __NMSG_TEXT
 0000:080D       __NMSG_WRITE
 0000:05C4       __nullcheck
 03E3:01A8       __oserr
 03E3:01AC       __osfile
 03E3:01A5       __osmajor
 03E3:01A6       __osminor
 03E3:01A7       __osmode
 03E3:01A5       __osversion
 03E3:01CE       __ovlflag
 03E3:01D0       __ovlvec
 03E3:01C6       __pgmptr
 03E3:01A3       __psp
 03E3:01A1       __pspadr
 009B:0772       __QCEnsScrSwap
 009B:006D       __qcgstr
 009B:0062       __qcgsvmr
 009B:03AF       __rectangle
 009B:0165       __setactivepage
 0000:05E6       __setargv
 0000:0774       __setenvp
 009B:0424       __setpixel
 009B:0006       __setvideomode
 009B:0190       __setvisualpage
 03E3:019F       __umaskval
 03E3:01C0       ___argc
 03E3:01C2       ___argv

  Address         Publics by Value

 0000:0006  Abs  B$SIZEACC
 0000:0010       _printline
 0000:0180       _getline
 0000:01F0       _prline
 0000:0250       _printscreen
 0000:02BD       _main
 0000:0366       __astart
 0000:03FA       __cintDIV
 0000:0409       __amsg_exit
 0000:0418       __cinit
 0000:04DC       _exit
 0000:04F3       __exit
 0000:0538       __ctermsub
 0000:0588       __FF_MSGBANNER
 0000:05A8       __fptrap
 0000:05AE       __chkstk
 0000:05C4       __nullcheck
 0000:05E6       __setargv
 0000:0774       __setenvp
 0000:07E2       __NMSG_TEXT
 0000:080D       __NMSG_WRITE
 0000:0836       __myalloc
 0000:0878       __dosret0
 0000:0880       __dosreturn
 0000:088B       __dosretax
 0000:0898       __maperror
 0000:08CC       _int86
 0000:094A       __bios_printer
 0000:095E       __chain_intr
 0000:097A       __dos_getvect
 0000:098C       __dos_keep
 0000:099E       __dos_setvect
 009B:0004       B$ErrorReturn
 009B:0006       __setvideomode
 009B:0062       __qcgsvmr
 009B:006D       __qcgstr
 009B:0165       __setactivepage
 009B:0190       __setvisualpage
 009B:01BC       __getvideoconfig
 009B:02D0       __clearscreen
 009B:032F       __moveto
 009B:034B       __getcurrentposition
 009B:0353       __lineto
 009B:03AF       __rectangle
 009B:0424       __setpixel
 009B:0460       __getpixel
 009B:04D0       $_qcg_enter
 009B:04EE       $_qcg_exit
 009B:05A7       $_home_cursor
 009B:05B3       $_text_set_cursor
 009B:05D2       $_set_color
 009B:05E7       $_set_bk_color
 009B:065D       $_set_text_color
 009B:0681       $_set_text_attrib
 009B:06BB       $_select_palette
 009B:0739       $_limit
 009B:0747       $_coords
 009B:0765       $_scroll_up
 009B:0772       __QCEnsScrSwap
 009B:0774       B$BOXNOF
 009B:079F       B$LINDRW
 009B:0897       B$IDIVBX
 009B:08EB       B$CLINE2
 009B:08FA       B$INVIEW
 009B:0916       B$GRPINI
 009B:095B       B$VWINI
 009B:0971       B$VEWINI
 009B:099E       B$VWMAPC
 009B:09C2       B$GRPRST
 009B:09D4       B$GWINI
 009B:09FA       B$SetAdapter
 009B:0ADF       B$ChkMonitor
 009B:0AE0       B$GWTERM
 009B:0AE2       B$GrScreenSize
 009B:0AED       B$GRMODE
 009B:0AF4       B$VWFILL
 009B:0B12       B$DOBOXF
 009B:0B61       B$LINEXT
 009B:0BB6       B$CLIPCK
 009B:0BD8       B$SCALXY
 009B:0C0B       B$XDELT
 009B:0C16       B$YDELT
 009B:0C1E       B$InitModeData
 009B:0C53       B$LineXYV
 009B:0CEC       B$MapVWC
 009B:0D5B       B$GetAspect
 009B:0D64       B$BumpDS
 009B:0D6E       B$BumpES
 009B:0D78       B$DecDS
 009B:0D82       B$OutWord
 009B:0D89       B$ResetEGA
 009B:0E53       B$Screen0
 009B:0E97       B$Mode0
 009B:0EA7       B$Mode1
 009B:0EAC       B$Mode2
 009B:0EB4       B$Mode3
 009B:0EB9       B$Mode7
 009B:1020       B$Mode5
 009B:1025       B$Mode4
 009B:1028       B$Screen1
 009B:105F       B$Screen2
 009B:1434       B$Screen7
 009B:1439       B$Screen8
 009B:1445       B$Screen9
 009B:1474       B$Screen10
 009B:1A1B       b$VgaPalette
 009B:1D1B       B$Screen11
 009B:1D41       B$Screen12
 009B:1D5A       B$Screen13
 009B:1DA3       B$VgaPalReset
 009B:1DE6       B$VgaPalPut
 009B:1E0B       B$VgaPalTrans11
 009B:203E       B$CgaSetAttr
 009B:2049       B$CgaReadC
 009B:2064       B$CgaSetC
 009B:2075       B$CgaSetPixC
 009B:208B       B$CgaSetPixFirstC
 009B:208F       B$CgaSetPixLastC
 009B:20A4       B$CgaPutAction
 009B:20D9       B$CgaNReadL
 009B:20FF       B$CgaNWriteL
 009B:2161       B$CgaNSetC
 009B:222D       B$CgaSetTile
 009B:225E       B$CgaScanL
 009B:22EE       B$CgaScanR
 009B:23EB       B$CgaLineX
 009B:2454       B$CgaLineY
 009B:2496       B$CgaLineV
 009B:24B6       B$EgaMapXYC_D
 009B:24C0       B$EgaMapXYC
 009B:24EA       B$EgaLeftC
 009B:24F1       B$EgaLeftC_13
 009B:24F6       B$EgaChkUpC
 009B:2501       B$EgaUpC
 009B:250A       B$EgaChkDownC
 009B:2515       B$EgaDownC
 009B:251E       B$EgaSetAttr
 009B:252E       B$EgaReadC
 009B:2562       B$EgaReadC_F
 009B:256D       B$EgaReadC_64K
 009B:257E       B$EgaSetC
 009B:25AA       B$EgaSetPixC
 009B:25BE       B$EgaSetPixFirstC
 009B:25D2       B$EgaLineX
 009B:2614       B$EgaLineY
 009B:263E       B$EgaLineV
 009B:2661       B$EgaPutAction_64K
 009B:2664       B$EgaPutAction_F
 009B:2667       B$EgaPutAction
 009B:268B       B$EgaNReadL_F
 009B:268D       B$EgaNReadL
 009B:26BD       B$EgaNWriteL_F
 009B:26C2       B$EgaNWriteL
 009B:2758       B$EgaNSetC
 009B:27F1       B$EgaPaintBound_11
 009B:2800       B$EgaPaintBound_D
 009B:2810       B$EgaPaintBound
 009B:2883       B$EgaSetTile
 009B:28A5       B$EgaScanInit
 009B:28C7       B$EgaPAINPX
 009B:29D1       B$EgaPIXCNT
 009B:29DC       B$EgaSETCMP
 009B:29F4       B$EgaCHKBTR
 009B:2A0E       B$EgaCHKBTL
 009B:2A5C       B$EgaTILRGT
 009B:2AEB       B$EgaTILLFT
 009B:2BEB       B$EgaScanL
 009B:2CA2       B$EgaScanR
 009B:2D52       b$ColorPalette
 009B:2D62       b$EnhPalette
 009B:2D78       B$EgaPalReset
 009B:2D7F       B$EgaPalResetB
 009B:2DAF       B$EgaPalPut
 009B:2DB6       B$EgaPalPutB
 009B:2DE4       B$EgaPalTrans
 009B:2E39       B$EgaPalSet
 009B:2E82       B$CgaLeftC2
 009B:2E86       B$CgaLeftC1
 009B:2E93       B$CgaChkUpC
 009B:2EAA       B$CgaUpC
 009B:2EBC       B$CgaChkDownC
 009B:2ED3       B$CgaDownC
 009B:2EE5       B$CgaPaintBound
 009B:2F0E       B$SCNIO
 009B:2F17       B$SELVPG
 009B:2F1C       B$SELAPG
 009B:2F3E       B$BLEEP
 009B:2F50       B$CON_SOUT
 009B:2FC8       B$Screen3
 03A1:0000       _printer
 03A2:0000       _width
 03A2:0002       _height
 03A2:0004       _linebuf
 03E3:0042       _memsize
 03E3:0044       _vc
 03E3:005E       b$ScreenX
 03E3:00AA       b$OrgScrBst
 03E3:00AC       b$OrgBiosMode
 03E3:00AD       b$OrgPages
 03E3:00AF       b$OrgScrDim
 03E3:00B0       b_orglen
 03E3:00B0       b$orglen
 03E3:00B2       b$ModeData
 03E3:00B2       b$ScreenMode
 03E3:00B3       b$BiosMode
 03E3:00B3       b$ModeBurst
 03E3:00B4       b$Burst
 03E3:00B5       b$ScrWidth
 03E3:00B6       b$ScrHeight
 03E3:00B7       b$HorzRes
 03E3:00B9       b$VertRes
 03E3:00BB       b$VideoBase
 03E3:00BD       b$MaxAttr
 03E3:00BE       b$MaxColor
 03E3:00BF       b$PageSize
 03E3:00C0       b$CurrPSize
 03E3:00C2       b$MaxPage
 03E3:00C3       b$ForeColor
 03E3:00C3       b$FBColors
 03E3:00C4       b$EgaWrMd
 03E3:00C5       b$InitPalette
 03E3:00C9       b$InitVgaPal
 03E3:00CD       b$SetMode
 03E3:00CF       b$SetPages
 03E3:00D1       b$PalReset
 03E3:00D3       b$PalPut
 03E3:00D5       b$PalTrans
 03E3:00D7       b$PalSet
 03E3:00D9       b$BitsPerPixel
 03E3:00DA       b$Planes
 03E3:00DB       b$BytesPerRow
 03E3:00DD       b$MaskLeft
 03E3:00DE       b$MaskRight
 03E3:00DF       b$PixelsPerByte
 03E3:00E1       b$DivShift
 03E3:00E2       b$ModMask
 03E3:00E4       b$Aspect
 03E3:00E6       b$AspectInv
 03E3:00E8       b$MapXYC
 03E3:00EA       b$LeftC
 03E3:00EC       b$ChkUpC
 03E3:00EE       b$UpC
 03E3:00F0       b$ChkDownC
 03E3:00F2       b$DownC
 03E3:00F4       b$SetAttr
 03E3:00F6       b$ReadC
 03E3:00F8       b$SetC
 03E3:00FA       b$SetPixC
 03E3:00FC       b$SetPixFirstC
 03E3:00FE       b$SetPixLastC
 03E3:0100       b$LineX
 03E3:0102       b$LineY
 03E3:0104       b$LineV
 03E3:0106       b$PutAction
 03E3:0108       b$NReadL
 03E3:010A       b$NWriteL
 03E3:010C       b$NSetC
 03E3:010E       b$PaintBound
 03E3:0110       b$SetTile
 03E3:0112       b$ScanL
 03E3:0114       b$ScanR
 03E3:0116       b$PutVector
 03E3:0118       b$CharColor
 03E3:0119       b$ActPage
 03E3:0119       b$CurPages
 03E3:011A       b$VisPage
 03E3:011B       b$PageTable
 03E3:012C       __asizds
 03E3:012E       __atopsp
 03E3:0130       __aexit_rtn
 03E3:0132       __abrktb
 03E3:0182       __abrkp
 03E3:0182       __abrktbe
 03E3:0184       __acfinfo
 03E3:0191       __aintdiv
 03E3:0195       __fac
 03E3:019D       _errno
 03E3:019F       __umaskval
 03E3:01A1       __pspadr
 03E3:01A3       __psp
 03E3:01A5       __dosvermajor
 03E3:01A5       __osmajor
 03E3:01A5       __osversion
 03E3:01A6       __osminor
 03E3:01A6       __dosverminor
 03E3:01A7       __osmode
 03E3:01A8       __doserrno
 03E3:01A8       __oserr
 03E3:01AA       __nfile
 03E3:01AC       __osfile
 03E3:01C0       ___argc
 03E3:01C2       ___argv
 03E3:01C4       _environ
 03E3:01C6       __pgmptr
 03E3:01CC       __child
 03E3:01CE       __ovlflag
 03E3:01CF       __intno
 03E3:01D0       __ovlvec
 03E3:01D4       __adbgmsg
 03E3:01D6       STKHQQ
 03E3:01F8       __fpinit
 03E3:020E       b$FP_1
 03E3:0212       b$FP_256
 03E3:02F0       _edata
 03E3:030E       $_current_x
 03E3:0310       $_current_y
 03E3:0312       $_bkg_color
 03E3:0316       $_txt_fg_color
 03E3:0317       $_text_attrib
 03E3:0318       $_line_style_mask
 03E3:031A       $_fill_mask
 03E3:0322       $_fill_mask_p
 03E3:0323       $_tile_mask
 03E3:0343       $_BKG_MASK
 03E3:0353       $_text_row
 03E3:0355       $_text_column
 03E3:0357       $_text_org_row
 03E3:0359       $_text_org_col
 03E3:035B       $_text_max_row
 03E3:035D       $_text_max_col
 03E3:035F       $_off_screen
 03E3:0360       $_text_wrap_p
 03E3:0361       $_cursor_on_screen
 03E3:0362       $_cursor_enabled
 03E3:0363       b$Buf1
 03E3:03E4       $CPPCNT
 03E3:03E6       $CPPX
 03E3:03E8       $CPPY
 03E3:03EA       $LINE_DRAWN
 03E3:03EC       B$RELFLG
 03E3:03EE       B$X_BASE
 03E3:03F0       B$Y_BASE
 03E3:03F2       B$GRAFACC
 03E3:03F2       B$GRPACX
 03E3:03F4       B$GRPACY
 03E3:03F6       B$GX_OLD
 03E3:03F8       B$GY_OLD
 03E3:03FA       B$GXPOS
 03E3:03FC       B$GYPOS
 03E3:03FE       B$LASTACC
 03E3:03FE       B$MAXUPD
 03E3:0400       B$MINUPD
 03E3:0402       B$MAXDEL
 03E3:0404       B$MINDEL
 03E3:0406       B$LINSTL
 03E3:0408       B$CLIPF
 03E3:0409       B$CLINEF
 03E3:040A       b$ASPECTR
 03E3:040C       B$CENCNT
 03E3:040E       B$CNPNTS
 03E3:0410       B$CPCNT
 03E3:0412       B$CPCNT8
 03E3:0414       B$CRCSUM
 03E3:0416       B$CSTCNT
 03E3:0418       B$CPLOTF
 03E3:0419       B$COPTFL
 03E3:041A       B$A_START
 03E3:041E       B$A_END
 03E3:0422       B$C1SAVE
 03E3:0424       B$C2SAVE
 03E3:0426       B$C3SAVE
 03E3:0428       B$CXOFF
 03E3:042A       B$CYOFF
 03E3:042C       B$LFPROG
 03E3:042D       B$RTPROG
 03E3:042E       B$SKPCNT
 03E3:0430       B$MOVCNT
 03E3:0432       B$PDIREC
 03E3:0434       B$TILFLG
 03E3:0435       B$TIPROG
 03E3:0436       B$TILNDX
 03E3:0437       B$TILLEN
 03E3:0438       B$TILLOC
 03E3:043A       B$BGTLOC
 03E3:043C       B$TILHGT
 03E3:043D       B$TILPTR
 03E3:043E       B$GRPLAN
 03E3:0440       B$PQGET
 03E3:0442       B$PQPUT
 03E3:0444       B$PQNUM
 03E3:0446       B$PQLEN
 03E3:0448       B$VXMIN
 03E3:044A       B$VXMAX
 03E3:044C       B$VYMIN
 03E3:044E       B$VYMAX
 03E3:0450       B$VXOFF
 03E3:0452       B$VYOFF
 03E3:0454       B$WNDWSW
 03E3:0455       B$WNDWSC
 03E3:0456       B$VIEWSW
 03E3:0457       B$VIEWSC
 03E3:0458       B$FTMP1
 03E3:045C       B$FTMP2
 03E3:0460       B$FTMP3
 03E3:0464       B$VXSIZ
 03E3:0466       B$VYSIZ
 03E3:0468       B$GXHPOS
 03E3:046A       B$GXLPOS
 03E3:046C       B$GYHPOS
 03E3:046E       B$GYLPOS
 03E3:0472       b$VGAmodesL
 03E3:0474       b$VGAmodesH
 03E3:0475       b$EgaPalSup
 03E3:0476       b$OrgEquip
 03E3:0477       b$CurEquip
 03E3:0478       b$Adapter
 03E3:0479       b$Monitor
 03E3:047A       b$VideoMem
 03E3:047C       b$PenC
 03E3:047C       b$MaskC
 03E3:047D       b$AttrC
 03E3:047E       b$AddrC
 03E3:047E       b$OffC
 03E3:0480       b$SegC
 03E3:0482       b$PaintBorder
 03E3:0483       b$Tiling
 03E3:0484       b$SaveCa
 03E3:0486       b$SaveCm
 03E3:0487       b$PlaneMask
 03E3:0488       b$Incr1
 03E3:048A       b$Incr2
 03E3:048C       b$IncrY
 03E3:048E       B$VTOFST
 03E3:0490       B$VBOFST
 03E3:0492       B$VLOFST
 03E3:0494       B$VROFST
 03E3:0496       B$VLMASK
 03E3:0497       B$VRMASK
 03E3:0498       B$LEOFST
 03E3:049A       B$REOFST
 03E3:049C       b$BorderColor
 03E3:04A2       b$UpSub
 03E3:04A4       b$DnSub
 03E3:04A6       b$UpDnAdd
 03E3:04CE       b$EgaPalette
 03E3:04E0       b$MUSIC
 03E3:04F0       _oldint
 03E3:04F4       _vcRec
 03E3:0510       _end
 0000:9876  Abs  __acrtmsg
 0000:9876  Abs  __acrtused

Program entry point at 0000:0366
